2026-09-21 11:15:32 | [INFO   ] | Logger configured
2026-09-21 11:15:32 | [INFO   ] | App started
2026-09-21 11:15:32 | [INFO   ] | Успешный запрос | Параметры: {'строка1': '3', 'строка2': '3', 'строка3': '3'} | Результат: тип='равносторонний', координаты=[(10, 90), (90, 90), (50, 21)]
2026-09-21 11:15:32 | [INFO   ] | Успешный запрос | Параметры: {'строка1': '3', 'строка2': '3', 'строка3': '4'} | Результат: тип='равнобедренный', координаты=[(10, 90), (70, 90), (17, 30)]
2026-09-21 11:15:32 | [INFO   ] | Успешный запрос | Параметры: {'строка1': '3', 'строка2': '4', 'строка3': '5'} | Результат: тип='разносторонний', координаты=[(10, 90), (58, 90), (10, 26)]
2026-09-21 11:15:32 | [WARNING] | Не выполняется неравенство треугольника: a=1.0, b=2.0, c=10.0
2026-09-21 11:15:32 | [INFO   ] | Успешный запрос | Параметры: {'строка1': '1', 'строка2': '2', 'строка3': '10'} | Результат: тип='не треугольник', координаты=[(-1, -1), (-1, -1), (-1, -1)]
2026-09-21 11:15:32 | [WARNING] | Неположительные стороны: a=-1.0, b=2.0, c=3.0
2026-09-21 11:15:32 | [INFO   ] | Успешный запрос | Параметры: {'строка1': '-1', 'строка2': '2', 'строка3': '3'} | Результат: тип='не треугольник', координаты=[(-1, -1), (-1, -1), (-1, -1)]
2026-09-21 11:15:32 | [WARNING] | Нечисловые входные данные: s1='abc', s2='2', s3='3' | Ошибка: could not convert string to float: 'abc'
2026-09-21 11:15:33 | [DEBUG  ] | Traceback:
Traceback (most recent call last):
  File "g:\4Grade\test\L1\main.py", line 43, in solve
    a = float(s1)
ValueError: could not convert string to float: 'abc'

2026-09-21 11:15:33 | [INFO   ] | Успешный запрос | Параметры: {'строка1': 'abc', 'строка2': '2', 'строка3': '3'} | Результат: тип='', координаты=[(-2, -2), (-2, -2), (-2, -2)]
2026-09-21 11:15:33 | [INFO   ] | Успешный запрос | Параметры: {'строка1': '1.5', 'строка2': '2.5', 'строка3': '3.0'} | Результат: тип='разносторонний', координаты=[(10, 90), (50, 90), (6, 23)]
2026-09-21 11:29:46 | [INFO   ] | Logger configured
2026-09-21 11:29:46 | [INFO   ] | App started
2026-09-21 11:29:46 | [INFO   ] | Success | Params: {'string1': '3', 'string2': '3', 'string3': '3'} | Result: Type='Equilateral (равносторонний)', Coords=[(10, 90), (90, 90), (50, 21)]
2026-09-21 11:29:46 | [INFO   ] | Success | Params: {'string1': '3', 'string2': '3', 'string3': '4'} | Result: Type=' Isosceles (равнобедренный)', Coords=[(10, 90), (70, 90), (17, 30)]
2026-09-21 11:29:46 | [INFO   ] | Success | Params: {'string1': '3', 'string2': '4', 'string3': '5'} | Result: Type='Scalene (разносторонний)', Coords=[(10, 90), (58, 90), (10, 26)]
2026-09-21 11:29:46 | [WARNING] | Triangle equality is not respected: a=1.0, b=2.0, c=10.0
2026-09-21 11:29:46 | [INFO   ] | Success | Params: {'string1': '1', 'string2': '2', 'string3': '10'} | Result: Type='Not a triangle', Coords=[(-1, -1), (-1, -1), (-1, -1)]
2026-09-21 11:29:46 | [WARNING] | Non-natural values: a=-1.0, b=2.0, c=3.0
2026-09-21 11:29:46 | [INFO   ] | Success | Params: {'string1': '-1', 'string2': '2', 'string3': '3'} | Result: Type='Not a triangle', Coords=[(-1, -1), (-1, -1), (-1, -1)]
2026-09-21 11:29:46 | [WARNING] | Input data is NaN (not a number): s1='abc', s2='2', s3='3' | Ошибка: could not convert string to float: 'abc'
2026-09-21 11:29:46 | [DEBUG  ] | Traceback:
Traceback (most recent call last):
  File "g:\4Grade\test\L1\main.py", line 45, in solve
    a = float(s1)
ValueError: could not convert string to float: 'abc'

2026-09-21 11:29:46 | [INFO   ] | Success | Params: {'string1': 'abc', 'string2': '2', 'string3': '3'} | Result: Type='', Coords=[(-2, -2), (-2, -2), (-2, -2)]
2026-09-21 11:29:46 | [INFO   ] | Success | Params: {'string1': '1.5', 'string2': '2.5', 'string3': '3.0'} | Result: Type='Scalene (разносторонний)', Coords=[(10, 90), (50, 90), (6, 23)]
